   Compiling infs v0.4.0 (H:\personal-proy\infera)
warning: struct `ListOptions` is never constructed
   --> src\types.rs:141:12
    |
141 | pub struct ListOptions {
    |            ^^^^^^^^^^^
    |
    = note: `#[warn(dead_code)]` (part of `#[warn(unused)]`) on by default

warning: associated items `new` and `offset` are never used
   --> src\types.rs:147:12
    |
146 | impl ListOptions {
    | ---------------- associated items in this implementation
147 |     pub fn new(page: usize, per_page: usize) -> Self {
    |            ^^^
...
154 |     pub fn offset(&self) -> usize {
    |            ^^^^^^

error: linking with `link.exe` failed: exit code: 1104
  |
  = note: "C:\\Program Files\\Microsoft Visual Studio\\2022\\Community\\VC\\Tools\\MSVC\\14.40.33807\\bin\\HostX64\\x64\\link.exe" "/NOLOGO" "H:\\personal-proy\\infera\\target\\debug\\deps\\rustcCpQ8Ma\\symbols.o" "<257 object files omitted>" "H:\\personal-proy\\infera\\target\\debug\\deps/{libtracing_subscriber-8edd1a7e3dbaeb1a,libsharded_slab-1ebe19ab555bf73d,liblazy_static-2fe2375b2c9e8ae6,libmatchers-9f2b01e65adbb829,libregex_automata-5efa00200d373316,libregex_syntax-6662423bfce4ed29,libnu_ansi_term-38c4e7064070ecfe,libthread_local-25d1e8eb2e9ba901,libtracing_log-69d2e419780fa78b,libtoml-d0b2a95bddb24c30,libtoml_edit-299c8708111c9943,libserde_spanned-a09da97e726d522a,libindexmap-619897c1e02d4768,libequivalent-c93dbca20e329988,libhashbrown-ea6d1bba2771c859,libwinnow-545c766c5ea76096,libtoml_write-e0486e1c1ae40125,libtoml_datetime-738c1a0dbbad7385,libkeyring-a9f916574ef7336e,libdotenvy-84a3ddf8c4cdd4e3,libreqwest-d8650fb17fea7da4,libserde_urlencoded-fb452956925a1e7e,libryu-692f7e6460cddfa8,libhyper_rustls-ba1b9e7ae7a79a0a,libwebpki_roots-f9b2c34d0416a9d6,libtokio_rustls-1dc8ef9dd64dfb82,librustls-af5b983649872321,libsubtle-627a6a22cc1b80da,libwebpki-4302fca48059bda1,libring-ac4144435953ff2a,libgetrandom-816f4806e7270035,libuntrusted-b9f93808322a096d,librustls_pki_types-3b315b5a0862e1ae,libtower_http-7577106a1ee523ae,libbitflags-01917a316b6c47a9,libiri_string-bd85951ba26fac0b,libtower-f23ee2e0b56131fd,libtower_layer-668e84e38a6b6a13,libhyper_util-56a1fcc307d265bd,libbase64-c9fb52ef01c8e3dd,libipnet-dd136ef8b25743cc,libtower_service-7c9ec914878c2cd6,libhyper-faf6bc9774f988b1,libwant-7fe02e1803b642f3,libtry_lock-5aaab1d3c8368689,libhttparse-8c05245fae642231,libpin_utils-1f1045615cf38de0,libatomic_waker-da9a01f7dc236e82,libfutures_channel-eff736dee8ee9cfc,libfutures_util-c4c26eb39c4b6d81,libfutures_task-12597ee60dfe15d1,libhttp_body_util-c8da95d6f34b1085,libhttp_body-a11533e4ead7d497,liblog-fb1ecf28cd9a4abf,liburl-2351a918b95935ad,libidna-e7ab40acdff8f350,libutf8_iter-0ce875cca8500c73,libidna_adapter-30bf4889dd79061a,libicu_properties-ee7c7e81b9e5332b,libicu_properties_data-9f5d79eea259460f,libicu_normalizer-c62eae5edb726c6b,libicu_normalizer_data-dafde8d03986b8ec,libicu_collections-8a1258c69c379b36,libpotential_utf-1a40cf376b237bc5,libicu_provider-ba849b05302b5e3b,libicu_locale_core-260e184f3ea1a99a,libtinystr-839a796080b419cc,liblitemap-38a2d8c8b6fca124,libwriteable-ff8b6070cb8082aa,libzerovec-de6882d74e5c38f6,libzerotrie-1e71c9165618d50d,libyoke-d66c1caccf28a33f,libstable_deref_trait-53559d2be08691ef,libzerofrom-0c9264f396c0caf0,libform_urlencoded-f95ea697b2465d1a,libpercent_encoding-a1ba7b09d4b1bb3f,libhttp-0dd920188fe87ac5,libsync_wrapper-110162390350e000,libfutures_core-85d3f87fb4b487db}.rlib" "<sysroot>\\lib\\rustlib\\x86_64-pc-windows-msvc\\lib/{libtest-*,libgetopts-*,librustc_std_workspace_std-*}.rlib" "H:\\personal-proy\\infera\\target\\debug\\deps/{libtracing-1e1ee8ebec394e95,libtracing_core-fe0c6355d499ad35,libtokio-2dbc1fbe668beabd,libsocket2-7b4cecaf7c4c1ef9,libbytes-cc0a20647e53726a,libmio-94716900c7548e57,libparking_lot-f61f73a4bdc518bd,libparking_lot_core-ed8734d4184d26ce,libsmallvec-7225edef1ff5cf0c,liblock_api-b68cb22ff79530ea,libscopeguard-723ece37078a7d55,libpin_project_lite-9b630ea86c191462,libserde_json-fef3ee848844e8bb,libmemchr-0618b7abc2c0c1b1,libitoa-55c947be76da670e,libzmij-4325b5dca3b9aabb,libdirectories-bc40ae4febf11b7c,libdirs_sys-274f8cd9cc70722b,libwindows_sys-69d3769dd905374d,libwindows_targets-54827fe41b3cf7b6,liboption_ext-8513c8cb703cb7e8,libserde-3bb1082291f6fb70,libserde_core-d86809d9b0b73174,libsemver-b1be62b8e6acf02d,libclap_complete-591973e6553c95f6,libclap-b56f55c90ee444d5,libclap_builder-978f49b4aa38c817,libstrsim-15f660af8f929b1c,libanstream-04753a06cd4f65e5,libanstyle_query-8ed814e8151ca2dc,libis_terminal_polyfill-2bde48d99fd1ceba,libanstyle_wincon-e05b6ece6210172e,libonce_cell_polyfill-f62d55c81b053e90,libcolorchoice-9fdb4cba5a245ea5,libanstyle_parse-6230c531e33759c0,libutf8parse-ed1ca5e8104866d3,libclap_lex-c12020c433f8bb46,libanstyle-1034daadd785cc71,libanyhow-f62637551f337d6f,libdialoguer-e0fe7088f81fafe8,libshell_words-0c62532cb083955c,libtempfile-97e39baa2739981d,libgetrandom-5018978d4ed1b51e,libcfg_if-958b7eb6cae6936d,libfastrand-22edc8bee5dabae0,libwindows_sys-e2b66d41c873fc81,libwindows_link-d02a446b2892e7ab,libzeroize-16106ed0a2cc049d,libthiserror-99ab90e642dbd261,libconsole-e99115a51fc2795e,libencode_unicode-3cc6da3b8386cc8a,libunicode_width-4049feb635d8cb2f,libonce_cell-3e70f2f2a6eadd01,libwindows_sys-618659c9a7f6310d,libwindows_targets-a625e578596c84fc}.rlib" "<sysroot>\\lib\\rustlib\\x86_64-pc-windows-msvc\\lib/{libstd-*,libpanic_unwind-*,libcfg_if-*,libwindows_targets-*,librustc_demangle-*,libstd_detect-*,libhashbrown-*,librustc_std_workspace_alloc-*,libunwind-*,librustc_std_workspace_core-*,liballoc-*,libcore-*,libcompiler_builtins-*}.rlib" "bcrypt.lib" "advapi32.lib" "kernel32.lib" "C:\\Users\\franc\\.cargo\\registry\\src\\index.crates.io-1949cf8c6b5b557f\\windows_x86_64_msvc-0.48.5\\lib\\windows.0.48.5.lib" "C:\\Users\\franc\\.cargo\\registry\\src\\index.crates.io-1949cf8c6b5b557f\\windows_x86_64_msvc-0.52.6\\lib\\windows.0.52.0.lib" "kernel32.lib" "kernel32.lib" "kernel32.lib" "ntdll.lib" "userenv.lib" "ws2_32.lib" "dbghelp.lib" "/defaultlib:msvcrt" "/NXCOMPAT" "/LIBPATH:H:\\personal-proy\\infera\\target\\debug\\build\\ring-ba761030d567c171\\out" "/LIBPATH:C:\\Users\\franc\\.cargo\\registry\\src\\index.crates.io-1949cf8c6b5b557f\\windows_x86_64_msvc-0.52.6\\lib" "/LIBPATH:C:\\Users\\franc\\.cargo\\registry\\src\\index.crates.io-1949cf8c6b5b557f\\windows_x86_64_msvc-0.48.5\\lib" "/OUT:H:\\personal-proy\\infera\\target\\debug\\deps\\infs-222c4b84ec5f7914.exe" "/OPT:REF,NOICF" "/DEBUG" "/PDBALTPATH:%_PDB%" "/NATVIS:<sysroot>\\lib\\rustlib\\etc\\intrinsic.natvis" "/NATVIS:<sysroot>\\lib\\rustlib\\etc\\liballoc.natvis" "/NATVIS:<sysroot>\\lib\\rustlib\\etc\\libcore.natvis" "/NATVIS:<sysroot>\\lib\\rustlib\\etc\\libstd.natvis"
  = note: some arguments are omitted. use `--verbose` to show all linker arguments
  = note: LINK : fatal error LNK1104: cannot open file 'H:\personal-proy\infera\target\debug\deps\infs-222c4b84ec5f7914.exe'
          

warning: `infs` (bin "infs" test) generated 2 warnings
error: could not compile `infs` (bin "infs" test) due to 1 previous error; 2 warnings emitted
